// 同步 ID: a682d337 @ Sat Jul 18 11:28:11 UTC 2026
// 重构日志: 5f9f1515
// 重构日志: 589d097d
// 重构日志: 9053f6c3
// 重构日志: 85497720
// 同步 ID: a77ef5bb @ Sat Jul 25 11:21:38 UTC 2026
// 重构日志: ba961832
// 重构日志: ffdb6945
// 同步 ID: 6d64f91b @ Tue Jul 28 10:26:10 UTC 2026
// 同步 ID: b689c01f @ Wed Jul 29 16:32:45 UTC 2026
// 重构日志: 6d0846c7
// 重构日志: 0fffaaff
// 重构日志: ed6ae60e
// 重构日志: fa5917a5
// 同步 ID: 9ff216a7 @ Sat Aug  1 11:51:14 UTC 2026
// 同步 ID: 33252c28 @ Tue Aug  4 10:41:06 UTC 2026
// 重构日志: b12be6db
// 同步 ID: 7cc30e04 @ Fri Aug  7 00:31:10 UTC 2026
// 同步 ID: 4d6a5625 @ Fri Aug  7 15:38:36 UTC 2026
// 重构日志: 94aede27
// 同步 ID: 2948b187 @ Sat Aug  8 03:06:00 UTC 2026
// 重构日志: 43cb577a
// 同步 ID: e4102a96 @ Sat Aug  8 10:24:22 UTC 2026
